terraform init
[0m[1mInitializing modules...[0m

[0m[1mInitializing the backend...[0m

[0m[1mInitializing provider plugins...[0m
- Reusing previous version of integrations/github from the dependency lock file
- Reusing previous version of hashicorp/aws from the dependency lock file
- Using previously-installed integrations/github v5.17.0
- Using previously-installed hashicorp/aws v4.54.0

[0m[1m[32mTerraform has been successfully initialized![0m[32m[0m
[0m[32m
You may now begin working with Terraform. Try running "terraform plan" to see
any changes that are required for your infrastructure. All Terraform commands
should now work.

If you ever set or change modules or backend configuration for Terraform,
rerun this command to reinitialize your working directory. If you forget, other
commands will detect it and remind you to do so if necessary.[0m
terraform plan -var-file=configuration.tfvars --out=tf.plan
[0m[1mgithub_membership.infrahouse["akuzminsky"]: Refreshing state... [id=infrahouse:akuzminsky][0m
[0m[1mgithub_team.dev: Refreshing state... [id=7332815][0m
[0m[1mgithub_organization_settings.infrahouse: Refreshing state... [id=121984263][0m
[0m[1maws_secretsmanager_secret.pypi_api_token: Refreshing state... [id=arn:aws:secretsmanager:us-west-1:990466748045:secret:_github_control__PYPI_API_TOKEN-dhII9P][0m
[0m[1mdata.aws_secretsmanager_secret_version.pypi_api_token: Reading...[0m[0m
[0m[1mdata.aws_secretsmanager_secret_version.pypi_api_token: Read complete after 0s [id=arn:aws:secretsmanager:us-west-1:990466748045:secret:_github_control__PYPI_API_TOKEN-dhII9P|AWSCURRENT][0m
[0m[1mgithub_actions_secret.pypi_api_token["infrahouse-toolkit"]: Refreshing state... [id=infrahouse-toolkit:PYPI_API_TOKEN][0m
[0m[1mgithub_team_members.dev: Refreshing state... [id=7332815][0m
[0m[1mmodule.repos["cookiecutter-github-control"].github_repository.repo: Refreshing state... [id=cookiecutter-github-control][0m
[0m[1mmodule.repos["infrahouse-toolkit"].github_repository.repo: Refreshing state... [id=infrahouse-toolkit][0m
[0m[1mmodule.repos["cookiecutter-github-control"].github_team_repository.dev: Refreshing state... [id=7332815:cookiecutter-github-control][0m
[0m[1mmodule.repos["infrahouse-toolkit"].github_team_repository.dev: Refreshing state... [id=7332815:infrahouse-toolkit][0m

[0m[1m[32mNo changes.[0m[1m Your infrastructure matches the configuration.[0m

[0mTerraform has compared your real infrastructure against your configuration
and found no differences, so no changes are needed.
